
*** Running vivado
    with args -log AES_SYS_axi_gpio_2_1.vds -m64 -product Vivado -mode batch -messageDb vivado.pb -notrace -source AES_SYS_axi_gpio_2_1.tcl


ECHO is off.
ECHO is off.

****** Vivado v2023.2 (64-bit)
  **** SW Build 4029153 on Fri Oct 13 20:14:34 MDT 2023
  **** IP Build 4028589 on Sat Oct 14 00:45:43 MDT 2023
  **** SharedData Build 4025554 on Tue Oct 10 17:18:54 MDT 2023
    ** Copyright 1986-2022 Xilinx, Inc. All Rights Reserved.
    ** Copyright 2022-2023 Advanced Micro Devices, Inc. All Rights Reserved.

source AES_SYS_axi_gpio_2_1.tcl -notrace
create_project: Time (s): cpu = 00:00:06 ; elapsed = 00:00:07 . Memory (MB): peak = 503.473 ; gain = 181.316
INFO: [IP_Flow 19-234] Refreshing IP repositories
INFO: [IP_Flow 19-1700] Loaded user IP repository 'c:/code/RFC-8439-fpga-implementation/AES-Cam-on-PYNQ-Z2-main/AES-Cam-on-PYNQ-Z2-main/ip_repo'.
INFO: [IP_Flow 19-2313] Loaded Vivado IP repository 'C:/Xilinx/Vivado/2023.2/data/ip'.
WARNING: [IP_Flow 19-4995] The host OS only allows 260 characters in a normal path. The IP cache path is more than 80 characters. If you experience issues with IP caching, please consider changing the IP cache to a location with a shorter path. Alternately consider using the OS subst command to map part of the path to a drive letter. 
Current IP cache path is c:/code/RFC-8439-fpga-implementation/AES-Cam-on-PYNQ-Z2-main/AES-Cam-on-PYNQ-Z2-main/AES_SYS/AES_SYS.cache/ip 
INFO: [IP_Flow 19-6924] IPCACHE: Running cache check for IP inst: AES_SYS_axi_gpio_2_1
INFO: [IP_Flow 19-6922] IPCACHE: Exporting cached entry 2e09d24ab087898e to dir: C:/code/RFC-8439-fpga-implementation/AES-Cam-on-PYNQ-Z2-main/AES-Cam-on-PYNQ-Z2-main/AES_SYS/AES_SYS.runs/AES_SYS_axi_gpio_2_1_synth_1
INFO: [IP_Flow 19-6928] IPCACHE: copied cached file c:/code/RFC-8439-fpga-implementation/AES-Cam-on-PYNQ-Z2-main/AES-Cam-on-PYNQ-Z2-main/AES_SYS/AES_SYS.cache/ip/2023.2/2/e/2e09d24ab087898e/AES_SYS_axi_gpio_1_1.dcp to C:/code/RFC-8439-fpga-implementation/AES-Cam-on-PYNQ-Z2-main/AES-Cam-on-PYNQ-Z2-main/AES_SYS/AES_SYS.runs/AES_SYS_axi_gpio_2_1_synth_1/AES_SYS_axi_gpio_2_1.dcp.
INFO: [IP_Flow 19-6928] IPCACHE: copied cached file c:/code/RFC-8439-fpga-implementation/AES-Cam-on-PYNQ-Z2-main/AES-Cam-on-PYNQ-Z2-main/AES_SYS/AES_SYS.cache/ip/2023.2/2/e/2e09d24ab087898e/AES_SYS_axi_gpio_1_1_sim_netlist.v to C:/code/RFC-8439-fpga-implementation/AES-Cam-on-PYNQ-Z2-main/AES-Cam-on-PYNQ-Z2-main/AES_SYS/AES_SYS.runs/AES_SYS_axi_gpio_2_1_synth_1/AES_SYS_axi_gpio_2_1_sim_netlist.v.
INFO: [IP_Flow 19-6928] IPCACHE: copied cached file c:/code/RFC-8439-fpga-implementation/AES-Cam-on-PYNQ-Z2-main/AES-Cam-on-PYNQ-Z2-main/AES_SYS/AES_SYS.cache/ip/2023.2/2/e/2e09d24ab087898e/AES_SYS_axi_gpio_1_1_sim_netlist.vhdl to C:/code/RFC-8439-fpga-implementation/AES-Cam-on-PYNQ-Z2-main/AES-Cam-on-PYNQ-Z2-main/AES_SYS/AES_SYS.runs/AES_SYS_axi_gpio_2_1_synth_1/AES_SYS_axi_gpio_2_1_sim_netlist.vhdl.
INFO: [IP_Flow 19-6928] IPCACHE: copied cached file c:/code/RFC-8439-fpga-implementation/AES-Cam-on-PYNQ-Z2-main/AES-Cam-on-PYNQ-Z2-main/AES_SYS/AES_SYS.cache/ip/2023.2/2/e/2e09d24ab087898e/AES_SYS_axi_gpio_1_1_stub.v to C:/code/RFC-8439-fpga-implementation/AES-Cam-on-PYNQ-Z2-main/AES-Cam-on-PYNQ-Z2-main/AES_SYS/AES_SYS.runs/AES_SYS_axi_gpio_2_1_synth_1/AES_SYS_axi_gpio_2_1_stub.v.
INFO: [IP_Flow 19-6928] IPCACHE: copied cached file c:/code/RFC-8439-fpga-implementation/AES-Cam-on-PYNQ-Z2-main/AES-Cam-on-PYNQ-Z2-main/AES_SYS/AES_SYS.cache/ip/2023.2/2/e/2e09d24ab087898e/AES_SYS_axi_gpio_1_1_stub.vhdl to C:/code/RFC-8439-fpga-implementation/AES-Cam-on-PYNQ-Z2-main/AES-Cam-on-PYNQ-Z2-main/AES_SYS/AES_SYS.runs/AES_SYS_axi_gpio_2_1_synth_1/AES_SYS_axi_gpio_2_1_stub.vhdl.
INFO: [IP_Flow 19-4838] Using cached IP synthesis design for IP AES_SYS_axi_gpio_2_1, cache-ID = 2e09d24ab087898e.
INFO: [Common 17-206] Exiting Vivado at Wed May 27 03:39:17 2026...
