
*** Running vivado
    with args -log AES_SYS_axi_gpio_6_0.vds -m64 -product Vivado -mode batch -messageDb vivado.pb -notrace -source AES_SYS_axi_gpio_6_0.tcl



****** Vivado v2023.2 (64-bit)
  **** SW Build 4029153 on Fri Oct 13 20:14:34 MDT 2023
  **** IP Build 4028589 on Sat Oct 14 00:45:43 MDT 2023
  **** SharedData Build 4025554 on Tue Oct 10 17:18:54 MDT 2023
    ** Copyright 1986-2022 Xilinx, Inc. All Rights Reserved.
    ** Copyright 2022-2023 Advanced Micro Devices, Inc. All Rights Reserved.

source AES_SYS_axi_gpio_6_0.tcl -notrace
INFO: [IP_Flow 19-234] Refreshing IP repositories
INFO: [IP_Flow 19-1700] Loaded user IP repository 'c:/Users/kartg/Documents/GitHub/AES-Cam-on-PYNQ-Z2/ip_repo'.
INFO: [IP_Flow 19-2313] Loaded Vivado IP repository 'D:/xilinx/Vivado/2023.2/data/ip'.
INFO: [IP_Flow 19-6924] IPCACHE: Running cache check for IP inst: AES_SYS_axi_gpio_6_0
INFO: [IP_Flow 19-6922] IPCACHE: Exporting cached entry 114150e861f179c3 to dir: C:/Users/kartg/Documents/GitHub/AES-Cam-on-PYNQ-Z2/AES_SYS/AES_SYS.runs/AES_SYS_axi_gpio_6_0_synth_1
INFO: [IP_Flow 19-6928] IPCACHE: copied cached file c:/Users/kartg/Documents/GitHub/AES-Cam-on-PYNQ-Z2/AES_SYS/AES_SYS.cache/ip/2023.2/1/1/114150e861f179c3/AES_SYS_axi_gpio_5_0.dcp to C:/Users/kartg/Documents/GitHub/AES-Cam-on-PYNQ-Z2/AES_SYS/AES_SYS.runs/AES_SYS_axi_gpio_6_0_synth_1/AES_SYS_axi_gpio_6_0.dcp.
INFO: [IP_Flow 19-6928] IPCACHE: copied cached file c:/Users/kartg/Documents/GitHub/AES-Cam-on-PYNQ-Z2/AES_SYS/AES_SYS.cache/ip/2023.2/1/1/114150e861f179c3/AES_SYS_axi_gpio_5_0_sim_netlist.v to C:/Users/kartg/Documents/GitHub/AES-Cam-on-PYNQ-Z2/AES_SYS/AES_SYS.runs/AES_SYS_axi_gpio_6_0_synth_1/AES_SYS_axi_gpio_6_0_sim_netlist.v.
INFO: [IP_Flow 19-6928] IPCACHE: copied cached file c:/Users/kartg/Documents/GitHub/AES-Cam-on-PYNQ-Z2/AES_SYS/AES_SYS.cache/ip/2023.2/1/1/114150e861f179c3/AES_SYS_axi_gpio_5_0_sim_netlist.vhdl to C:/Users/kartg/Documents/GitHub/AES-Cam-on-PYNQ-Z2/AES_SYS/AES_SYS.runs/AES_SYS_axi_gpio_6_0_synth_1/AES_SYS_axi_gpio_6_0_sim_netlist.vhdl.
INFO: [IP_Flow 19-6928] IPCACHE: copied cached file c:/Users/kartg/Documents/GitHub/AES-Cam-on-PYNQ-Z2/AES_SYS/AES_SYS.cache/ip/2023.2/1/1/114150e861f179c3/AES_SYS_axi_gpio_5_0_stub.v to C:/Users/kartg/Documents/GitHub/AES-Cam-on-PYNQ-Z2/AES_SYS/AES_SYS.runs/AES_SYS_axi_gpio_6_0_synth_1/AES_SYS_axi_gpio_6_0_stub.v.
INFO: [IP_Flow 19-6928] IPCACHE: copied cached file c:/Users/kartg/Documents/GitHub/AES-Cam-on-PYNQ-Z2/AES_SYS/AES_SYS.cache/ip/2023.2/1/1/114150e861f179c3/AES_SYS_axi_gpio_5_0_stub.vhdl to C:/Users/kartg/Documents/GitHub/AES-Cam-on-PYNQ-Z2/AES_SYS/AES_SYS.runs/AES_SYS_axi_gpio_6_0_synth_1/AES_SYS_axi_gpio_6_0_stub.vhdl.
INFO: [IP_Flow 19-4838] Using cached IP synthesis design for IP AES_SYS_axi_gpio_6_0, cache-ID = 114150e861f179c3.
INFO: [Common 17-206] Exiting Vivado at Thu Jun 12 00:20:43 2025...
